Archive member included to satisfy reference by file (symbol)

C:/Toolchain/arm-gnu-toolchain-14.2.rel1-mingw-w64-x86_64-arm-none-eabi/bin/../lib/gcc/arm-none-eabi/14.2.1/thumb/v7e-m+fp/hard\libc_nano.a(libc_a-exit.o)
                              C:/Toolchain/arm-gnu-toolchain-14.2.rel1-mingw-w64-x86_64-arm-none-eabi/bin/../lib/gcc/arm-none-eabi/14.2.1/thumb/v7e-m+fp/hard/crt0.o (exit)
C:/Toolchain/arm-gnu-toolchain-14.2.rel1-mingw-w64-x86_64-arm-none-eabi/bin/../lib/gcc/arm-none-eabi/14.2.1/thumb/v7e-m+fp/hard\libc_nano.a(libc_a-findfp.o)
                              C:/Toolchain/arm-gnu-toolchain-14.2.rel1-mingw-w64-x86_64-arm-none-eabi/bin/../lib/gcc/arm-none-eabi/14.2.1/thumb/v7e-m+fp/hard\libc_nano.a(libc_a-exit.o) (__stdio_exit_handler)
C:/Toolchain/arm-gnu-toolchain-14.2.rel1-mingw-w64-x86_64-arm-none-eabi/bin/../lib/gcc/arm-none-eabi/14.2.1/thumb/v7e-m+fp/hard\libc_nano.a(libc_a-fwalk.o)
                              C:/Toolchain/arm-gnu-toolchain-14.2.rel1-mingw-w64-x86_64-arm-none-eabi/bin/../lib/gcc/arm-none-eabi/14.2.1/thumb/v7e-m+fp/hard\libc_nano.a(libc_a-findfp.o) (_fwalk_sglue)
C:/Toolchain/arm-gnu-toolchain-14.2.rel1-mingw-w64-x86_64-arm-none-eabi/bin/../lib/gcc/arm-none-eabi/14.2.1/thumb/v7e-m+fp/hard\libc_nano.a(libc_a-stdio.o)
                              C:/Toolchain/arm-gnu-toolchain-14.2.rel1-mingw-w64-x86_64-arm-none-eabi/bin/../lib/gcc/arm-none-eabi/14.2.1/thumb/v7e-m+fp/hard\libc_nano.a(libc_a-findfp.o) (__sread)
C:/Toolchain/arm-gnu-toolchain-14.2.rel1-mingw-w64-x86_64-arm-none-eabi/bin/../lib/gcc/arm-none-eabi/14.2.1/thumb/v7e-m+fp/hard\libc_nano.a(libc_a-memset.o)
                              C:/Toolchain/arm-gnu-toolchain-14.2.rel1-mingw-w64-x86_64-arm-none-eabi/bin/../lib/gcc/arm-none-eabi/14.2.1/thumb/v7e-m+fp/hard/crt0.o (memset)
C:/Toolchain/arm-gnu-toolchain-14.2.rel1-mingw-w64-x86_64-arm-none-eabi/bin/../lib/gcc/arm-none-eabi/14.2.1/thumb/v7e-m+fp/hard\libc_nano.a(libc_a-closer.o)
                              C:/Toolchain/arm-gnu-toolchain-14.2.rel1-mingw-w64-x86_64-arm-none-eabi/bin/../lib/gcc/arm-none-eabi/14.2.1/thumb/v7e-m+fp/hard\libc_nano.a(libc_a-stdio.o) (_close_r)
C:/Toolchain/arm-gnu-toolchain-14.2.rel1-mingw-w64-x86_64-arm-none-eabi/bin/../lib/gcc/arm-none-eabi/14.2.1/thumb/v7e-m+fp/hard\libc_nano.a(libc_a-reent.o)
                              C:/Toolchain/arm-gnu-toolchain-14.2.rel1-mingw-w64-x86_64-arm-none-eabi/bin/../lib/gcc/arm-none-eabi/14.2.1/thumb/v7e-m+fp/hard\libc_nano.a(libc_a-closer.o) (errno)
C:/Toolchain/arm-gnu-toolchain-14.2.rel1-mingw-w64-x86_64-arm-none-eabi/bin/../lib/gcc/arm-none-eabi/14.2.1/thumb/v7e-m+fp/hard\libc_nano.a(libc_a-impure.o)
                              C:/Toolchain/arm-gnu-toolchain-14.2.rel1-mingw-w64-x86_64-arm-none-eabi/bin/../lib/gcc/arm-none-eabi/14.2.1/thumb/v7e-m+fp/hard\libc_nano.a(libc_a-reent.o) (_impure_ptr)
C:/Toolchain/arm-gnu-toolchain-14.2.rel1-mingw-w64-x86_64-arm-none-eabi/bin/../lib/gcc/arm-none-eabi/14.2.1/thumb/v7e-m+fp/hard\libc_nano.a(libc_a-lseekr.o)
                              C:/Toolchain/arm-gnu-toolchain-14.2.rel1-mingw-w64-x86_64-arm-none-eabi/bin/../lib/gcc/arm-none-eabi/14.2.1/thumb/v7e-m+fp/hard\libc_nano.a(libc_a-stdio.o) (_lseek_r)
C:/Toolchain/arm-gnu-toolchain-14.2.rel1-mingw-w64-x86_64-arm-none-eabi/bin/../lib/gcc/arm-none-eabi/14.2.1/thumb/v7e-m+fp/hard\libc_nano.a(libc_a-readr.o)
                              C:/Toolchain/arm-gnu-toolchain-14.2.rel1-mingw-w64-x86_64-arm-none-eabi/bin/../lib/gcc/arm-none-eabi/14.2.1/thumb/v7e-m+fp/hard\libc_nano.a(libc_a-stdio.o) (_read_r)
C:/Toolchain/arm-gnu-toolchain-14.2.rel1-mingw-w64-x86_64-arm-none-eabi/bin/../lib/gcc/arm-none-eabi/14.2.1/thumb/v7e-m+fp/hard\libc_nano.a(libc_a-writer.o)
                              C:/Toolchain/arm-gnu-toolchain-14.2.rel1-mingw-w64-x86_64-arm-none-eabi/bin/../lib/gcc/arm-none-eabi/14.2.1/thumb/v7e-m+fp/hard\libc_nano.a(libc_a-stdio.o) (_write_r)
C:/Toolchain/arm-gnu-toolchain-14.2.rel1-mingw-w64-x86_64-arm-none-eabi/bin/../lib/gcc/arm-none-eabi/14.2.1/thumb/v7e-m+fp/hard\libc_nano.a(libc_a-init.o)
                              C:/Toolchain/arm-gnu-toolchain-14.2.rel1-mingw-w64-x86_64-arm-none-eabi/bin/../lib/gcc/arm-none-eabi/14.2.1/thumb/v7e-m+fp/hard/crt0.o (__libc_init_array)
C:/Toolchain/arm-gnu-toolchain-14.2.rel1-mingw-w64-x86_64-arm-none-eabi/bin/../lib/gcc/arm-none-eabi/14.2.1/thumb/v7e-m+fp/hard\libc_nano.a(libc_a-lock.o)
                              C:/Toolchain/arm-gnu-toolchain-14.2.rel1-mingw-w64-x86_64-arm-none-eabi/bin/../lib/gcc/arm-none-eabi/14.2.1/thumb/v7e-m+fp/hard\libc_nano.a(libc_a-findfp.o) (__retarget_lock_init_recursive)
C:/Toolchain/arm-gnu-toolchain-14.2.rel1-mingw-w64-x86_64-arm-none-eabi/bin/../lib/gcc/arm-none-eabi/14.2.1/thumb/v7e-m+fp/hard\libc_nano.a(libc_a-freer.o)
                              C:/Toolchain/arm-gnu-toolchain-14.2.rel1-mingw-w64-x86_64-arm-none-eabi/bin/../lib/gcc/arm-none-eabi/14.2.1/thumb/v7e-m+fp/hard\libc_nano.a(libc_a-reent.o) (_free_r)
[...]
Memory Configuration

Name             Origin             Length             Attributes
RAM              0x20000000         0x00020000         xrw
CCMRAM           0x10000000         0x00010000         xrw
FLASH            0x08000000         0x00080000         xr
*default*        0x00000000         0xffffffff

Linker script and memory map

LOAD C:/Toolchain/arm-gnu-toolchain-14.2.rel1-mingw-w64-x86_64-arm-none-eabi/bin/../lib/gcc/arm-none-eabi/14.2.1/thumb/v7e-m+fp/hard/crti.o
LOAD C:/Toolchain/arm-gnu-toolchain-14.2.rel1-mingw-w64-x86_64-arm-none-eabi/bin/../lib/gcc/arm-none-eabi/14.2.1/thumb/v7e-m+fp/hard/crtbegin.o
LOAD C:/Toolchain/arm-gnu-toolchain-14.2.rel1-mingw-w64-x86_64-arm-none-eabi/bin/../lib/gcc/arm-none-eabi/14.2.1/thumb/v7e-m+fp/hard/crt0.o
START GROUP
LOAD C:/Toolchain/arm-gnu-toolchain-14.2.rel1-mingw-w64-x86_64-arm-none-eabi/bin/../lib/gcc/arm-none-eabi/14.2.1/thumb/v7e-m+fp/hard\libc_nano.a
LOAD C:/Toolchain/arm-gnu-toolchain-14.2.rel1-mingw-w64-x86_64-arm-none-eabi/bin/../lib/gcc/arm-none-eabi/14.2.1/thumb/v7e-m+fp/hard\libm.a
END GROUP
LOAD cmake/stm32cubemx/CMakeFiles/STM32_Drivers.dir/__/__/Core/Src/system_stm32f4xx.c.obj
LOAD cmake/stm32cubemx/CMakeFiles/STM32_Drivers.dir/__/__/Drivers/STM32F4xx_HAL_Driver/Src/stm32f4xx_hal_spi.c.obj
LOAD cmake/stm32cubemx/CMakeFiles/STM32_Drivers.dir/__/__/Drivers/STM32F4xx_HAL_Driver/Src/stm32f4xx_hal_rcc.c.obj
LOAD cmake/stm32cubemx/CMakeFiles/STM32_Drivers.dir/__/__/Drivers/STM32F4xx_HAL_Driver/Src/stm32f4xx_hal_rcc_ex.c.obj
LOAD cmake/stm32cubemx/CMakeFiles/STM32_Drivers.dir/__/__/Drivers/STM32F4xx_HAL_Driver/Src/stm32f4xx_hal_flash.c.obj
LOAD cmake/stm32cubemx/CMakeFiles/STM32_Drivers.dir/__/__/Drivers/STM32F4xx_HAL_Driver/Src/stm32f4xx_hal_flash_ex.c.obj
LOAD cmake/stm32cubemx/CMakeFiles/STM32_Drivers.dir/__/__/Drivers/STM32F4xx_HAL_Driver/Src/stm32f4xx_hal_flash_ramfunc.c.obj
LOAD cmake/stm32cubemx/CMakeFiles/STM32_Drivers.dir/__/__/Drivers/STM32F4xx_HAL_Driver/Src/stm32f4xx_hal_gpio.c.obj
LOAD cmake/stm32cubemx/CMakeFiles/STM32_Drivers.dir/__/__/Drivers/STM32F4xx_HAL_Driver/Src/stm32f4xx_hal_dma_ex.c.obj
LOAD cmake/stm32cubemx/CMakeFiles/STM32_Drivers.dir/__/__/Drivers/STM32F4xx_HAL_Driver/Src/stm32f4xx_hal_dma.c.obj
LOAD cmake/stm32cubemx/CMakeFiles/STM32_Drivers.dir/__/__/Drivers/STM32F4xx_HAL_Driver/Src/stm32f4xx_hal_pwr.c.obj
LOAD cmake/stm32cubemx/CMakeFiles/STM32_Drivers.dir/__/__/Drivers/STM32F4xx_HAL_Driver/Src/stm32f4xx_hal_pwr_ex.c.obj
LOAD cmake/stm32cubemx/CMakeFiles/STM32_Drivers.dir/__/__/Drivers/STM32F4xx_HAL_Driver/Src/stm32f4xx_hal_cortex.c.obj
LOAD cmake/stm32cubemx/CMakeFiles/STM32_Drivers.dir/__/__/Drivers/STM32F4xx_HAL_Driver/Src/stm32f4xx_hal.c.obj
LOAD cmake/stm32cubemx/CMakeFiles/STM32_Drivers.dir/__/__/Drivers/STM32F4xx_HAL_Driver/Src/stm32f4xx_hal_exti.c.obj
LOAD CMakeFiles/f4_st7789.dir/Core/Src/main.c.obj
LOAD CMakeFiles/f4_st7789.dir/Core/Src/gpio.c.obj
LOAD CMakeFiles/f4_st7789.dir/Core/Src/dma.c.obj
LOAD CMakeFiles/f4_st7789.dir/Core/Src/spi.c.obj
LOAD CMakeFiles/f4_st7789.dir/Core/Src/stm32f4xx_it.c.obj
LOAD CMakeFiles/f4_st7789.dir/Core/Src/stm32f4xx_hal_msp.c.obj
LOAD CMakeFiles/f4_st7789.dir/Core/Src/sysmem.c.obj
LOAD CMakeFiles/f4_st7789.dir/Core/Src/syscalls.c.obj
LOAD CMakeFiles/f4_st7789.dir/startup_stm32f407xx.s.obj
LOAD CMakeFiles/f4_st7789.dir/ST7789/st7789.c.obj
LOAD CMakeFiles/f4_st7789.dir/ST7789/fonts.c.obj
START GROUP
LOAD C:/Toolchain/arm-gnu-toolchain-14.2.rel1-mingw-w64-x86_64-arm-none-eabi/bin/../lib/gcc/arm-none-eabi/14.2.1/thumb/v7e-m+fp/hard\libgcc.a
LOAD C:/Toolchain/arm-gnu-toolchain-14.2.rel1-mingw-w64-x86_64-arm-none-eabi/bin/../lib/gcc/arm-none-eabi/14.2.1/thumb/v7e-m+fp/hard\libg_nano.a
LOAD C:/Toolchain/arm-gnu-toolchain-14.2.rel1-mingw-w64-x86_64-arm-none-eabi/bin/../lib/gcc/arm-none-eabi/14.2.1/thumb/v7e-m+fp/hard\libc_nano.a
END GROUP
START GROUP
LOAD C:/Toolchain/arm-gnu-toolchain-14.2.rel1-mingw-w64-x86_64-arm-none-eabi/bin/../lib/gcc/arm-none-eabi/14.2.1/thumb/v7e-m+fp/hard\libgcc.a
LOAD C:/Toolchain/arm-gnu-toolchain-14.2.rel1-mingw-w64-x86_64-arm-none-eabi/bin/../lib/gcc/arm-none-eabi/14.2.1/thumb/v7e-m+fp/hard\libc_nano.a
END GROUP
LOAD C:/Toolchain/arm-gnu-toolchain-14.2.rel1-mingw-w64-x86_64-arm-none-eabi/bin/../lib/gcc/arm-none-eabi/14.2.1/thumb/v7e-m+fp/hard/crtend.o
LOAD C:/Toolchain/arm-gnu-toolchain-14.2.rel1-mingw-w64-x86_64-arm-none-eabi/bin/../lib/gcc/arm-none-eabi/14.2.1/thumb/v7e-m+fp/hard/crtn.o
                0x20020000                        _estack = (ORIGIN (RAM) + LENGTH (RAM))
                0x00000200                        _Min_Heap_Size = 0x200
                0x00000400                        _Min_Stack_Size = 0x400

.isr_vector     0x08000000      0x188
                0x08000000                        . = ALIGN (0x4)
 *(.isr_vector)
 .isr_vector    0x08000000      0x188 CMakeFiles/f4_st7789.dir/startup_stm32f407xx.s.obj
                0x08000000                g_pfnVectors
                0x08000188                        . = ALIGN (0x4)

.text           0x08000188     0x39f0
                0x08000188                        . = ALIGN (0x4)
 *(.text)
 .text          0x08000188       0x30 C:/Toolchain/arm-gnu-toolchain-14.2.rel1-mingw-w64-x86_64-arm-none-eabi/bin/../lib/gcc/arm-none-eabi/14.2.1/thumb/v7e-m+fp/hard\libgcc.a(_aeabi_uldivmod.o)
                0x08000188                __aeabi_uldivmod
 .text          0x080001b8        0x4 C:/Toolchain/arm-gnu-toolchain-14.2.rel1-mingw-w64-x86_64-arm-none-eabi/bin/../lib/gcc/arm-none-eabi/14.2.1/thumb/v7e-m+fp/hard\libgcc.a(_dvmd_tls.o)
                0x080001b8                __aeabi_idiv0
                0x080001b8                __aeabi_ldiv0
 *(.text*)
 .text.deregister_tm_clones
                0x080001bc       0x1c C:/Toolchain/arm-gnu-toolchain-14.2.rel1-mingw-w64-x86_64-arm-none-eabi/bin/../lib/gcc/arm-none-eabi/14.2.1/thumb/v7e-m+fp/hard/crtbegin.o
 .text.register_tm_clones
                0x080001d8       0x24 C:/Toolchain/arm-gnu-toolchain-14.2.rel1-mingw-w64-x86_64-arm-none-eabi/bin/../lib/gcc/arm-none-eabi/14.2.1/thumb/v7e-m+fp/hard/crtbegin.o
 .text.__do_global_dtors_aux
                0x080001fc       0x28 C:/Toolchain/arm-gnu-toolchain-14.2.rel1-mingw-w64-x86_64-arm-none-eabi/bin/../lib/gcc/arm-none-eabi/14.2.1/thumb/v7e-m+fp/hard/crtbegin.o
 .text.frame_dummy
                0x08000224       0x24 C:/Toolchain/arm-gnu-toolchain-14.2.rel1-mingw-w64-x86_64-arm-none-eabi/bin/../lib/gcc/arm-none-eabi/14.2.1/thumb/v7e-m+fp/hard/crtbegin.o
 .text.memset   0x08000248       0x10 C:/Toolchain/arm-gnu-toolchain-14.2.rel1-mingw-w64-x86_64-arm-none-eabi/bin/../lib/gcc/arm-none-eabi/14.2.1/thumb/v7e-m+fp/hard\libc_nano.a(libc_a-memset.o)
                0x08000248                memset
 .text.__libc_init_array
                0x08000258       0x48 C:/Toolchain/arm-gnu-toolchain-14.2.rel1-mingw-w64-x86_64-arm-none-eabi/bin/../lib/gcc/arm-none-eabi/14.2.1/thumb/v7e-m+fp/hard\libc_nano.a(libc_a-init.o)
                0x08000258                __libc_init_array
 .text.SystemInit
                0x080002a0       0x24 cmake/stm32cubemx/CMakeFiles/STM32_Drivers.dir/__/__/Core/Src/system_stm32f4xx.c.obj
                0x080002a0                SystemInit
 .text.HAL_SPI_Init
                0x080002c4      0x112 cmake/stm32cubemx/CMakeFiles/STM32_Drivers.dir/__/__/Drivers/STM32F4xx_HAL_Driver/Src/stm32f4xx_hal_spi.c.obj
                0x080002c4                HAL_SPI_Init
 .text.HAL_SPI_Transmit
                0x080003d6      0x288 cmake/stm32cubemx/CMakeFiles/STM32_Drivers.dir/__/__/Drivers/STM32F4xx_HAL_Driver/Src/stm32f4xx_hal_spi.c.obj
                0x080003d6                HAL_SPI_Transmit
 *fill*         0x0800065e        0x2 
 .text.HAL_SPI_Transmit_DMA
                0x08000660      0x164 cmake/stm32cubemx/CMakeFiles/STM32_Drivers.dir/__/__/Drivers/STM32F4xx_HAL_Driver/Src/stm32f4xx_hal_spi.c.obj
                0x08000660                HAL_SPI_Transmit_DMA
 .text.HAL_SPI_TxCpltCallback
                0x080007c4       0x14 cmake/stm32cubemx/CMakeFiles/STM32_Drivers.dir/__/__/Drivers/STM32F4xx_HAL_Driver/Src/stm32f4xx_hal_spi.c.obj
                0x080007c4                HAL_SPI_TxCpltCallback
 .text.HAL_SPI_TxHalfCpltCallback
                0x080007d8       0x14 cmake/stm32cubemx/CMakeFiles/STM32_Drivers.dir/__/__/Drivers/STM32F4xx_HAL_Driver/Src/stm32f4xx_hal_spi.c.obj
                0x080007d8                HAL_SPI_TxHalfCpltCallback
 .text.HAL_SPI_ErrorCallback
                0x080007ec       0x14 cmake/stm32cubemx/CMakeFiles/STM32_Drivers.dir/__/__/Drivers/STM32F4xx_HAL_Driver/Src/stm32f4xx_hal_spi.c.obj
                0x080007ec                HAL_SPI_ErrorCallback
 .text.SPI_DMATransmitCplt
                0x08000800       0xa8 cmake/stm32cubemx/CMakeFiles/STM32_Drivers.dir/__/__/Drivers/STM32F4xx_HAL_Driver/Src/stm32f4xx_hal_spi.c.obj
 .text.SPI_DMAHalfTransmitCplt
                0x080008a8       0x1c cmake/stm32cubemx/CMakeFiles/STM32_Drivers.dir/__/__/Drivers/STM32F4xx_HAL_Driver/Src/stm32f4xx_hal_spi.c.obj
 .text.SPI_DMAError
                0x080008c4       0x40 cmake/stm32cubemx/CMakeFiles/STM32_Drivers.dir/__/__/Drivers/STM32F4xx_HAL_Driver/Src/stm32f4xx_hal_spi.c.obj
 .text.SPI_WaitFlagStateUntilTimeout
                0x08000904      0x110 cmake/stm32cubemx/CMakeFiles/STM32_Drivers.dir/__/__/Drivers/STM32F4xx_HAL_Driver/Src/stm32f4xx_hal_spi.c.obj
 .text.SPI_EndRxTxTransaction
                0x08000a14       0xa8 cmake/stm32cubemx/CMakeFiles/STM32_Drivers.dir/__/__/Drivers/STM32F4xx_HAL_Driver/Src/stm32f4xx_hal_spi.c.obj
 .text.HAL_RCC_OscConfig
                0x08000abc      0x4f0 cmake/stm32cubemx/CMakeFiles/STM32_Drivers.dir/__/__/Drivers/STM32F4xx_HAL_Driver/Src/stm32f4xx_hal_rcc.c.obj
                0x08000abc                HAL_RCC_OscConfig
 .text.HAL_RCC_ClockConfig
                0x08000fac      0x1cc cmake/stm32cubemx/CMakeFiles/STM32_Drivers.dir/__/__/Drivers/STM32F4xx_HAL_Driver/Src/stm32f4xx_hal_rcc.c.obj
                0x08000fac                HAL_RCC_ClockConfig
 .text.HAL_RCC_GetSysClockFreq
                0x08001178      0x20c cmake/stm32cubemx/CMakeFiles/STM32_Drivers.dir/__/__/Drivers/STM32F4xx_HAL_Driver/Src/stm32f4xx_hal_rcc.c.obj
                0x08001178                HAL_RCC_GetSysClockFreq
 .text.HAL_GPIO_Init
                0x08001384      0x338 cmake/stm32cubemx/CMakeFiles/STM32_Drivers.dir/__/__/Drivers/STM32F4xx_HAL_Driver/Src/stm32f4xx_hal_gpio.c.obj
                0x08001384                HAL_GPIO_Init
 .text.HAL_GPIO_WritePin
                0x080016bc       0x32 cmake/stm32cubemx/CMakeFiles/STM32_Drivers.dir/__/__/Drivers/STM32F4xx_HAL_Driver/Src/stm32f4xx_hal_gpio.c.obj
                0x080016bc                HAL_GPIO_WritePin
 .text.HAL_GPIO_TogglePin
                0x080016ee       0x34 cmake/stm32cubemx/CMakeFiles/STM32_Drivers.dir/__/__/Drivers/STM32F4xx_HAL_Driver/Src/stm32f4xx_hal_gpio.c.obj
                0x080016ee                HAL_GPIO_TogglePin
 *fill*         0x08001722        0x2 
 .text.HAL_DMA_Init
                0x08001724      0x15c cmake/stm32cubemx/CMakeFiles/STM32_Drivers.dir/__/__/Drivers/STM32F4xx_HAL_Driver/Src/stm32f4xx_hal_dma.c.obj
                0x08001724                HAL_DMA_Init
 .text.HAL_DMA_Start_IT
                0x08001880       0xb0 cmake/stm32cubemx/CMakeFiles/STM32_Drivers.dir/__/__/Drivers/STM32F4xx_HAL_Driver/Src/stm32f4xx_hal_dma.c.obj
                0x08001880                HAL_DMA_Start_IT
 .text.HAL_DMA_IRQHandler
                0x08001930      0x314 cmake/stm32cubemx/CMakeFiles/STM32_Drivers.dir/__/__/Drivers/STM32F4xx_HAL_Driver/Src/stm32f4xx_hal_dma.c.obj
                0x08001930                HAL_DMA_IRQHandler
 .text.DMA_SetConfig
                0x08001c44       0x5c cmake/stm32cubemx/CMakeFiles/STM32_Drivers.dir/__/__/Drivers/STM32F4xx_HAL_Driver/Src/stm32f4xx_hal_dma.c.obj
 .text.DMA_CalcBaseAndBitshift
                0x08001ca0       0x6c cmake/stm32cubemx/CMakeFiles/STM32_Drivers.dir/__/__/Drivers/STM32F4xx_HAL_Driver/Src/stm32f4xx_hal_dma.c.obj
 .text.DMA_CheckFifoParam
                0x08001d0c       0xf8 cmake/stm32cubemx/CMakeFiles/STM32_Drivers.dir/__/__/Drivers/STM32F4xx_HAL_Driver/Src/stm32f4xx_hal_dma.c.obj
 .text.__NVIC_SetPriorityGrouping
                0x08001e04       0x48 cmake/stm32cubemx/CMakeFiles/STM32_Drivers.dir/__/__/Drivers/STM32F4xx_HAL_Driver/Src/stm32f4xx_hal_cortex.c.obj
 .text.__NVIC_GetPriorityGrouping
                0x08001e4c       0x1c cmake/stm32cubemx/CMakeFiles/STM32_Drivers.dir/__/__/Drivers/STM32F4xx_HAL_Driver/Src/stm32f4xx_hal_cortex.c.obj
 .text.__NVIC_EnableIRQ
                0x08001e68       0x3c cmake/stm32cubemx/CMakeFiles/STM32_Drivers.dir/__/__/Drivers/STM32F4xx_HAL_Driver/Src/stm32f4xx_hal_cortex.c.obj
 .text.__NVIC_SetPriority
                0x08001ea4       0x54 cmake/stm32cubemx/CMakeFiles/STM32_Drivers.dir/__/__/Drivers/STM32F4xx_HAL_Driver/Src/stm32f4xx_hal_cortex.c.obj
 .text.NVIC_EncodePriority
                0x08001ef8       0x66 cmake/stm32cubemx/CMakeFiles/STM32_Drivers.dir/__/__/Drivers/STM32F4xx_HAL_Driver/Src/stm32f4xx_hal_cortex.c.obj
 *fill*         0x08001f5e        0x2 
 .text.SysTick_Config
                0x08001f60       0x44 cmake/stm32cubemx/CMakeFiles/STM32_Drivers.dir/__/__/Drivers/STM32F4xx_HAL_Driver/Src/stm32f4xx_hal_cortex.c.obj
 .text.HAL_NVIC_SetPriorityGrouping
                0x08001fa4       0x16 cmake/stm32cubemx/CMakeFiles/STM32_Drivers.dir/__/__/Drivers/STM32F4xx_HAL_Driver/Src/stm32f4xx_hal_cortex.c.obj
                0x08001fa4                HAL_NVIC_SetPriorityGrouping
 .text.HAL_NVIC_SetPriority
                0x08001fba       0x38 cmake/stm32cubemx/CMakeFiles/STM32_Drivers.dir/__/__/Drivers/STM32F4xx_HAL_Driver/Src/stm32f4xx_hal_cortex.c.obj
                0x08001fba                HAL_NVIC_SetPriority
 .text.HAL_NVIC_EnableIRQ
                0x08001ff2       0x1c cmake/stm32cubemx/CMakeFiles/STM32_Drivers.dir/__/__/Drivers/STM32F4xx_HAL_Driver/Src/stm32f4xx_hal_cortex.c.obj
                0x08001ff2                HAL_NVIC_EnableIRQ
 .text.HAL_SYSTICK_Config
                0x0800200e       0x18 cmake/stm32cubemx/CMakeFiles/STM32_Drivers.dir/__/__/Drivers/STM32F4xx_HAL_Driver/Src/stm32f4xx_hal_cortex.c.obj
                0x0800200e                HAL_SYSTICK_Config
 *fill*         0x08002026        0x2 
 .text.HAL_Init
                0x08002028       0x44 cmake/stm32cubemx/CMakeFiles/STM32_Drivers.dir/__/__/Drivers/STM32F4xx_HAL_Driver/Src/stm32f4xx_hal.c.obj
                0x08002028                HAL_Init
 .text.HAL_InitTick
                0x0800206c       0x60 cmake/stm32cubemx/CMakeFiles/STM32_Drivers.dir/__/__/Drivers/STM32F4xx_HAL_Driver/Src/stm32f4xx_hal.c.obj
                0x0800206c                HAL_InitTick
 .text.HAL_IncTick
                0x080020cc       0x28 cmake/stm32cubemx/CMakeFiles/STM32_Drivers.dir/__/__/Drivers/STM32F4xx_HAL_Driver/Src/stm32f4xx_hal.c.obj
                0x080020cc                HAL_IncTick
 .text.HAL_GetTick
                0x080020f4       0x18 cmake/stm32cubemx/CMakeFiles/STM32_Drivers.dir/__/__/Drivers/STM32F4xx_HAL_Driver/Src/stm32f4xx_hal.c.obj
                0x080020f4                HAL_GetTick
 .text.HAL_Delay
                0x0800210c       0x48 cmake/stm32cubemx/CMakeFiles/STM32_Drivers.dir/__/__/Drivers/STM32F4xx_HAL_Driver/Src/stm32f4xx_hal.c.obj
                0x0800210c                HAL_Delay
 .text.main     0x08002154       0x38 CMakeFiles/f4_st7789.dir/Core/Src/main.c.obj
                0x08002154                main
 .text.SystemClock_Config
                0x0800218c       0xd4 CMakeFiles/f4_st7789.dir/Core/Src/main.c.obj
                0x0800218c                SystemClock_Config
 .text.Error_Handler
                0x08002260        0xc CMakeFiles/f4_st7789.dir/Core/Src/main.c.obj
                0x08002260                Error_Handler
 .text.MX_GPIO_Init
                0x0800226c       0xf0 CMakeFiles/f4_st7789.dir/Core/Src/gpio.c.obj
                0x0800226c                MX_GPIO_Init
 .text.MX_DMA_Init
                0x0800235c       0x40 CMakeFiles/f4_st7789.dir/Core/Src/dma.c.obj
                0x0800235c                MX_DMA_Init
 .text.MX_SPI1_Init
                0x0800239c       0x70 CMakeFiles/f4_st7789.dir/Core/Src/spi.c.obj
                0x0800239c                MX_SPI1_Init
 .text.HAL_SPI_MspInit
                0x0800240c      0x104 CMakeFiles/f4_st7789.dir/Core/Src/spi.c.obj
                0x0800240c                HAL_SPI_MspInit
 .text.NMI_Handler
                0x08002510        0x8 CMakeFiles/f4_st7789.dir/Core/Src/stm32f4xx_it.c.obj
                0x08002510                NMI_Handler
 .text.HardFault_Handler
                0x08002518        0x8 CMakeFiles/f4_st7789.dir/Core/Src/stm32f4xx_it.c.obj
                0x08002518                HardFault_Handler
 .text.MemManage_Handler
                0x08002520        0x8 CMakeFiles/f4_st7789.dir/Core/Src/stm32f4xx_it.c.obj
                0x08002520                MemManage_Handler
 .text.BusFault_Handler
                0x08002528        0x8 CMakeFiles/f4_st7789.dir/Core/Src/stm32f4xx_it.c.obj
                0x08002528                BusFault_Handler
 .text.UsageFault_Handler
                0x08002530        0x8 CMakeFiles/f4_st7789.dir/Core/Src/stm32f4xx_it.c.obj
                0x08002530                UsageFault_Handler
 .text.SVC_Handler
                0x08002538        0xe CMakeFiles/f4_st7789.dir/Core/Src/stm32f4xx_it.c.obj
                0x08002538                SVC_Handler
 .text.DebugMon_Handler
                0x08002546        0xe CMakeFiles/f4_st7789.dir/Core/Src/stm32f4xx_it.c.obj
                0x08002546                DebugMon_Handler
 .text.PendSV_Handler
                0x08002554        0xe CMakeFiles/f4_st7789.dir/Core/Src/stm32f4xx_it.c.obj
                0x08002554                PendSV_Handler
 .text.SysTick_Handler
                0x08002562        0xc CMakeFiles/f4_st7789.dir/Core/Src/stm32f4xx_it.c.obj
                0x08002562                SysTick_Handler
 *fill*         0x0800256e        0x2 
 .text.DMA2_Stream3_IRQHandler
                0x08002570       0x14 CMakeFiles/f4_st7789.dir/Core/Src/stm32f4xx_it.c.obj
                0x08002570                DMA2_Stream3_IRQHandler
 .text.HAL_MspInit
                0x08002584       0x50 CMakeFiles/f4_st7789.dir/Core/Src/stm32f4xx_hal_msp.c.obj
                0x08002584                HAL_MspInit
 .text.Reset_Handler
                0x080025d4       0x50 CMakeFiles/f4_st7789.dir/startup_stm32f407xx.s.obj
                0x080025d4                Reset_Handler
 .text.Default_Handler
                0x08002624        0x2 CMakeFiles/f4_st7789.dir/startup_stm32f407xx.s.obj
                0x08002624                RTC_Alarm_IRQHandler
                0x08002624                HASH_RNG_IRQHandler
                0x08002624                EXTI2_IRQHandler
                0x08002624                TIM8_CC_IRQHandler
                0x08002624                TIM1_CC_IRQHandler
                0x08002624                DMA2_Stream5_IRQHandler
                0x08002624                DMA1_Stream5_IRQHandler
                0x08002624                PVD_IRQHandler
                0x08002624                SDIO_IRQHandler
                0x08002624                TAMP_STAMP_IRQHandler
                0x08002624                CAN2_RX1_IRQHandler
                0x08002624                EXTI3_IRQHandler
                0x08002624                TIM8_TRG_COM_TIM14_IRQHandler
                0x08002624                TIM1_UP_TIM10_IRQHandler
                0x08002624                TIM8_UP_TIM13_IRQHandler
                0x08002624                I2C3_ER_IRQHandler
                0x08002624                EXTI0_IRQHandler
                0x08002624                I2C2_EV_IRQHandler
                0x08002624                DMA1_Stream2_IRQHandler
                0x08002624                CAN1_RX0_IRQHandler
                0x08002624                FPU_IRQHandler
                0x08002624                OTG_HS_WKUP_IRQHandler
                0x08002624                CAN2_SCE_IRQHandler
                0x08002624                DMA2_Stream2_IRQHandler
                0x08002624                SPI1_IRQHandler
                0x08002624                TIM6_DAC_IRQHandler
                0x08002624                TIM1_BRK_TIM9_IRQHandler
                0x08002624                DCMI_IRQHandler
                0x08002624                CAN2_RX0_IRQHandler
                0x08002624                USART6_IRQHandler
                0x08002624                USART3_IRQHandler
                0x08002624                CAN1_RX1_IRQHandler
                0x08002624                UART5_IRQHandler
                0x08002624                DMA2_Stream0_IRQHandler
                0x08002624                TIM4_IRQHandler
                0x08002624                I2C1_EV_IRQHandler
                0x08002624                DMA1_Stream6_IRQHandler
                0x08002624                DMA1_Stream1_IRQHandler
                0x08002624                UART4_IRQHandler
                0x08002624                TIM3_IRQHandler
                0x08002624                RCC_IRQHandler
                0x08002624                TIM8_BRK_TIM12_IRQHandler
                0x08002624                Default_Handler
                0x08002624                EXTI15_10_IRQHandler
                0x08002624                ADC_IRQHandler
                0x08002624                DMA1_Stream7_IRQHandler
                0x08002624                TIM7_IRQHandler
                0x08002624                CAN2_TX_IRQHandler
                0x08002624                TIM5_IRQHandler
                0x08002624                DMA2_Stream7_IRQHandler
                0x08002624                I2C3_EV_IRQHandler
                0x08002624                EXTI9_5_IRQHandler
                0x08002624                RTC_WKUP_IRQHandler
                0x08002624                ETH_WKUP_IRQHandler
                0x08002624                SPI2_IRQHandler
                0x08002624                OTG_HS_EP1_IN_IRQHandler
                0x08002624                DMA1_Stream0_IRQHandler
                0x08002624                CAN1_TX_IRQHandler
                0x08002624                EXTI4_IRQHandler
                0x08002624                FSMC_IRQHandler
                0x08002624                ETH_IRQHandler
                0x08002624                OTG_HS_EP1_OUT_IRQHandler
                0x08002624                WWDG_IRQHandler
                0x08002624                TIM2_IRQHandler
                0x08002624                OTG_FS_WKUP_IRQHandler
                0x08002624                TIM1_TRG_COM_TIM11_IRQHandler
                0x08002624                OTG_HS_IRQHandler
                0x08002624                EXTI1_IRQHandler
                0x08002624                USART2_IRQHandler
                0x08002624                I2C2_ER_IRQHandler
                0x08002624                DMA2_Stream1_IRQHandler
                0x08002624                CAN1_SCE_IRQHandler
                0x08002624                FLASH_IRQHandler
                0x08002624                DMA2_Stream4_IRQHandler
                0x08002624                USART1_IRQHandler
                0x08002624                OTG_FS_IRQHandler
                0x08002624                SPI3_IRQHandler
                0x08002624                DMA1_Stream4_IRQHandler
                0x08002624                I2C1_ER_IRQHandler
                0x08002624                DMA2_Stream6_IRQHandler
                0x08002624                DMA1_Stream3_IRQHandler
 *fill*         0x08002626        0x2 
 .text.ST7789_WriteCommand
                0x08002628       0x48 CMakeFiles/f4_st7789.dir/ST7789/st7789.c.obj
 .text.ST7789_WriteData
                0x08002670       0x9c CMakeFiles/f4_st7789.dir/ST7789/st7789.c.obj
 .text.ST7789_WriteSmallData
                0x0800270c       0x48 CMakeFiles/f4_st7789.dir/ST7789/st7789.c.obj
 .text.ST7789_SetRotation
                0x08002754       0x58 CMakeFiles/f4_st7789.dir/ST7789/st7789.c.obj
                0x08002754                ST7789_SetRotation
 .text.ST7789_SetAddressWindow
                0x080027ac       0xb8 CMakeFiles/f4_st7789.dir/ST7789/st7789.c.obj
 .text.ST7789_Init
                0x08002864      0x14c CMakeFiles/f4_st7789.dir/ST7789/st7789.c.obj
                0x08002864                ST7789_Init
 .text.ST7789_Fill_Color
                0x080029b0       0xcc CMakeFiles/f4_st7789.dir/ST7789/st7789.c.obj
                0x080029b0                ST7789_Fill_Color
 .text.ST7789_DrawPixel
                0x08002a7c       0x68 CMakeFiles/f4_st7789.dir/ST7789/st7789.c.obj
                0x08002a7c                ST7789_DrawPixel
 .text.ST7789_DrawLine
                0x08002ae4      0x118 CMakeFiles/f4_st7789.dir/ST7789/st7789.c.obj
                0x08002ae4                ST7789_DrawLine
 .text.ST7789_DrawRectangle
                0x08002bfc       0x88 CMakeFiles/f4_st7789.dir/ST7789/st7789.c.obj
                0x08002bfc                ST7789_DrawRectangle
 .text.ST7789_DrawCircle
                0x08002c84      0x1cc CMakeFiles/f4_st7789.dir/ST7789/st7789.c.obj
                0x08002c84                ST7789_DrawCircle
 .text.ST7789_DrawImage
                0x08002e50       0x9c CMakeFiles/f4_st7789.dir/ST7789/st7789.c.obj
                0x08002e50                ST7789_DrawImage
 .text.ST7789_WriteChar
                0x08002eec       0xfc CMakeFiles/f4_st7789.dir/ST7789/st7789.c.obj
                0x08002eec                ST7789_WriteChar
 .text.ST7789_WriteString
                0x08002fe8       0xa4 CMakeFiles/f4_st7789.dir/ST7789/st7789.c.obj
                0x08002fe8                ST7789_WriteString
 .text.ST7789_DrawFilledRectangle
                0x0800308c       0xb0 CMakeFiles/f4_st7789.dir/ST7789/st7789.c.obj
                0x0800308c                ST7789_DrawFilledRectangle
 .text.ST7789_DrawTriangle
                0x0800313c       0x74 CMakeFiles/f4_st7789.dir/ST7789/st7789.c.obj
                0x0800313c                ST7789_DrawTriangle
 .text.ST7789_DrawFilledTriangle
                0x080031b0      0x19c CMakeFiles/f4_st7789.dir/ST7789/st7789.c.obj
                0x080031b0                ST7789_DrawFilledTriangle
 .text.ST7789_DrawFilledCircle
                0x0800334c      0x1cc CMakeFiles/f4_st7789.dir/ST7789/st7789.c.obj
                0x0800334c                ST7789_DrawFilledCircle
 .text.ST7789_Test
                0x08003518      0x350 CMakeFiles/f4_st7789.dir/ST7789/st7789.c.obj
                0x08003518                ST7789_Test
 .text.__udivmoddi4
                0x08003868      0x2f8 C:/Toolchain/arm-gnu-toolchain-14.2.rel1-mingw-w64-x86_64-arm-none-eabi/bin/../lib/gcc/arm-none-eabi/14.2.1/thumb/v7e-m+fp/hard\libgcc.a(_udivmoddi4.o)
                0x08003868                __udivmoddi4
 *(.glue_7)
 .glue_7        0x08003b60        0x0 linker stubs
 *(.glue_7t)
 .glue_7t       0x08003b60        0x0 linker stubs
 *(.eh_frame)
 .eh_frame      0x08003b60        0x0 C:/Toolchain/arm-gnu-toolchain-14.2.rel1-mingw-w64-x86_64-arm-none-eabi/bin/../lib/gcc/arm-none-eabi/14.2.1/thumb/v7e-m+fp/hard/crtbegin.o
 *(.init)
 .init          0x08003b60        0x4 C:/Toolchain/arm-gnu-toolchain-14.2.rel1-mingw-w64-x86_64-arm-none-eabi/bin/../lib/gcc/arm-none-eabi/14.2.1/thumb/v7e-m+fp/hard/crti.o
                0x08003b60                _init
 .init          0x08003b64        0x8 C:/Toolchain/arm-gnu-toolchain-14.2.rel1-mingw-w64-x86_64-arm-none-eabi/bin/../lib/gcc/arm-none-eabi/14.2.1/thumb/v7e-m+fp/hard/crtn.o
 *(.fini)
 .fini          0x08003b6c        0x4 C:/Toolchain/arm-gnu-toolchain-14.2.rel1-mingw-w64-x86_64-arm-none-eabi/bin/../lib/gcc/arm-none-eabi/14.2.1/thumb/v7e-m+fp/hard/crti.o
                0x08003b6c                _fini
 .fini          0x08003b70        0x8 C:/Toolchain/arm-gnu-toolchain-14.2.rel1-mingw-w64-x86_64-arm-none-eabi/bin/../lib/gcc/arm-none-eabi/14.2.1/thumb/v7e-m+fp/hard/crtn.o
                0x08003b78                        . = ALIGN (0x4)
                0x08003b78                        _etext = .

.vfp11_veneer   0x08003b78        0x0
 .vfp11_veneer  0x08003b78        0x0 linker stubs

.v4_bx          0x08003b78        0x0
 .v4_bx         0x08003b78        0x0 linker stubs

.iplt           0x08003b78        0x0
 .iplt          0x08003b78        0x0 C:/Toolchain/arm-gnu-toolchain-14.2.rel1-mingw-w64-x86_64-arm-none-eabi/bin/../lib/gcc/arm-none-eabi/14.2.1/thumb/v7e-m+fp/hard/crtbegin.o

.rodata         0x08003b78     0xa8c4
                0x08003b78                        . = ALIGN (0x4)
 *(.rodata)
 .rodata        0x08003b78       0x97 CMakeFiles/f4_st7789.dir/ST7789/st7789.c.obj
 *(.rodata*)
 *fill*         0x08003c0f        0x1 
 .rodata.AHBPrescTable
                0x08003c10       0x10 cmake/stm32cubemx/CMakeFiles/STM32_Drivers.dir/__/__/Core/Src/system_stm32f4xx.c.obj
                0x08003c10                AHBPrescTable
 .rodata.flagBitshiftOffset.0
                0x08003c20        0x8 cmake/stm32cubemx/CMakeFiles/STM32_Drivers.dir/__/__/Drivers/STM32F4xx_HAL_Driver/Src/stm32f4xx_hal_dma.c.obj
 .rodata.Font7x10
                0x08003c28      0x76c CMakeFiles/f4_st7789.dir/ST7789/fonts.c.obj
 .rodata.Font11x18
                0x08004394      0xd5c CMakeFiles/f4_st7789.dir/ST7789/fonts.c.obj
 .rodata.Font16x26
                0x080050f0     0x134c CMakeFiles/f4_st7789.dir/ST7789/fonts.c.obj
 .rodata.saber  0x0800643c     0x8000 CMakeFiles/f4_st7789.dir/ST7789/fonts.c.obj
                0x0800643c                saber
                0x0800e43c                        . = ALIGN (0x4)

.ARM.extab      0x0800e43c        0x0
                0x0800e43c                        . = ALIGN (0x4)
 *(.ARM.extab* .gnu.linkonce.armextab.*)
                0x0800e43c                        . = ALIGN (0x4)

.ARM            0x0800e43c        0x8
                0x0800e43c                        . = ALIGN (0x4)
                0x0800e43c                        __exidx_start = .
 *(.ARM.exidx*)
 .ARM.exidx.text.__udivmoddi4
                0x0800e43c        0x8 C:/Toolchain/arm-gnu-toolchain-14.2.rel1-mingw-w64-x86_64-arm-none-eabi/bin/../lib/gcc/arm-none-eabi/14.2.1/thumb/v7e-m+fp/hard\libgcc.a(_udivmoddi4.o)
                0x0800e444                        __exidx_end = .
                0x0800e444                        . = ALIGN (0x4)

.preinit_array  0x0800e444        0x0
                0x0800e444                        . = ALIGN (0x4)
                0x0800e444                        PROVIDE (__preinit_array_start = .)
 *(.preinit_array*)
                0x0800e444                        PROVIDE (__preinit_array_end = .)
                0x0800e444                        . = ALIGN (0x4)

.init_array     0x0800e444        0x4
                0x0800e444                        . = ALIGN (0x4)
                0x0800e444                        PROVIDE (__init_array_start = .)
 *(SORT_BY_NAME(.init_array.*))
 *(.init_array*)
 .init_array    0x0800e444        0x4 C:/Toolchain/arm-gnu-toolchain-14.2.rel1-mingw-w64-x86_64-arm-none-eabi/bin/../lib/gcc/arm-none-eabi/14.2.1/thumb/v7e-m+fp/hard/crtbegin.o
                0x0800e448                        PROVIDE (__init_array_end = .)
                0x0800e448                        . = ALIGN (0x4)

.fini_array     0x0800e448        0x4
                0x0800e448                        . = ALIGN (0x4)
                [!provide]                        PROVIDE (__fini_array_start = .)
 *(SORT_BY_NAME(.fini_array.*))
 *(.fini_array*)
 .fini_array    0x0800e448        0x4 C:/Toolchain/arm-gnu-toolchain-14.2.rel1-mingw-w64-x86_64-arm-none-eabi/bin/../lib/gcc/arm-none-eabi/14.2.1/thumb/v7e-m+fp/hard/crtbegin.o
                [!provide]                        PROVIDE (__fini_array_end = .)
                0x0800e44c                        . = ALIGN (0x4)
                0x0800e44c                        _sidata = LOADADDR (.data)

.rel.dyn        0x0800e44c        0x0
 .rel.iplt      0x0800e44c        0x0 C:/Toolchain/arm-gnu-toolchain-14.2.rel1-mingw-w64-x86_64-arm-none-eabi/bin/../lib/gcc/arm-none-eabi/14.2.1/thumb/v7e-m+fp/hard/crtbegin.o

.data           0x20000000       0x24 load address 0x0800e44c
                0x20000000                        . = ALIGN (0x4)
                0x20000000                        _sdata = .
 *(.data)
 *(.data*)
 .data.SystemCoreClock
                0x20000000        0x4 cmake/stm32cubemx/CMakeFiles/STM32_Drivers.dir/__/__/Core/Src/system_stm32f4xx.c.obj
                0x20000000                SystemCoreClock
 .data.uwTickPrio
                0x20000004        0x4 cmake/stm32cubemx/CMakeFiles/STM32_Drivers.dir/__/__/Drivers/STM32F4xx_HAL_Driver/Src/stm32f4xx_hal.c.obj
                0x20000004                uwTickPrio
 .data.uwTickFreq
                0x20000008        0x1 cmake/stm32cubemx/CMakeFiles/STM32_Drivers.dir/__/__/Drivers/STM32F4xx_HAL_Driver/Src/stm32f4xx_hal.c.obj
                0x20000008                uwTickFreq
 *fill*         0x20000009        0x1 
 .data.DMA_MIN_SIZE
                0x2000000a        0x2 CMakeFiles/f4_st7789.dir/ST7789/st7789.c.obj
                0x2000000a                DMA_MIN_SIZE
 .data.Font_7x10
                0x2000000c        0x8 CMakeFiles/f4_st7789.dir/ST7789/fonts.c.obj
                0x2000000c                Font_7x10
 .data.Font_11x18
                0x20000014        0x8 CMakeFiles/f4_st7789.dir/ST7789/fonts.c.obj
                0x20000014                Font_11x18
 .data.Font_16x26
                0x2000001c        0x8 CMakeFiles/f4_st7789.dir/ST7789/fonts.c.obj
                0x2000001c                Font_16x26
 *(.RamFunc)
 *(.RamFunc*)
                0x20000024                        . = ALIGN (0x4)
                0x20000024                        _edata = .
                0x0800e470                        _siccmram = LOADADDR (.ccmram)

.tm_clone_table
                0x20000024        0x0 load address 0x0800e470
 .tm_clone_table
                0x20000024        0x0 C:/Toolchain/arm-gnu-toolchain-14.2.rel1-mingw-w64-x86_64-arm-none-eabi/bin/../lib/gcc/arm-none-eabi/14.2.1/thumb/v7e-m+fp/hard/crtbegin.o
 .tm_clone_table
                0x20000024        0x0 C:/Toolchain/arm-gnu-toolchain-14.2.rel1-mingw-w64-x86_64-arm-none-eabi/bin/../lib/gcc/arm-none-eabi/14.2.1/thumb/v7e-m+fp/hard/crtend.o

.igot.plt       0x20000024        0x0 load address 0x0800e470
 .igot.plt      0x20000024        0x0 C:/Toolchain/arm-gnu-toolchain-14.2.rel1-mingw-w64-x86_64-arm-none-eabi/bin/../lib/gcc/arm-none-eabi/14.2.1/thumb/v7e-m+fp/hard/crtbegin.o

.ccmram         0x10000000        0x0 load address 0x0800e470
                0x10000000                        . = ALIGN (0x4)
                0x10000000                        _sccmram = .
 *(.ccmram)
 *(.ccmram*)
                0x10000000                        . = ALIGN (0x4)
                0x10000000                        _eccmram = .
                0x10000000                        . = ALIGN (0x4)

.bss            0x20000024      0xa38
                0x20000024                        _sbss = .
                0x20000024                        __bss_start__ = _sbss
 *(.bss)
 *(.bss*)
 .bss.completed.1
                0x20000024        0x1 C:/Toolchain/arm-gnu-toolchain-14.2.rel1-mingw-w64-x86_64-arm-none-eabi/bin/../lib/gcc/arm-none-eabi/14.2.1/thumb/v7e-m+fp/hard/crtbegin.o
 *fill*         0x20000025        0x3 
 .bss.object.0  0x20000028       0x18 C:/Toolchain/arm-gnu-toolchain-14.2.rel1-mingw-w64-x86_64-arm-none-eabi/bin/../lib/gcc/arm-none-eabi/14.2.1/thumb/v7e-m+fp/hard/crtbegin.o
 .bss.uwTick    0x20000040        0x4 cmake/stm32cubemx/CMakeFiles/STM32_Drivers.dir/__/__/Drivers/STM32F4xx_HAL_Driver/Src/stm32f4xx_hal.c.obj
                0x20000040                uwTick
 .bss.hspi1     0x20000044       0x58 CMakeFiles/f4_st7789.dir/Core/Src/spi.c.obj
                0x20000044                hspi1
 .bss.hdma_spi1_tx
                0x2000009c       0x60 CMakeFiles/f4_st7789.dir/Core/Src/spi.c.obj
                0x2000009c                hdma_spi1_tx
 .bss.disp_buf  0x200000fc      0x960 CMakeFiles/f4_st7789.dir/ST7789/st7789.c.obj
                0x200000fc                disp_buf
 *(COMMON)
                0x20000a5c                        . = ALIGN (0x4)
                0x20000a5c                        _ebss = .
                0x20000a5c                        __bss_end__ = _ebss

._user_heap_stack
                0x20000a5c      0x604
                0x20000a60                        . = ALIGN (0x8)
 *fill*         0x20000a5c        0x4 
                [!provide]                        PROVIDE (end = .)
                0x20000a60                        PROVIDE (_end = .)
                0x20000c60                        . = (. + _Min_Heap_Size)
 *fill*         0x20000a60      0x200 
                0x20001060                        . = (. + _Min_Stack_Size)
 *fill*         0x20000c60      0x400 
                0x20001060                        . = ALIGN (0x8)

/DISCARD/
 libc.a(*)
 libm.a(*)
 libgcc.a(*)
OUTPUT(f4_st7789.elf elf32-littlearm)
LOAD linker stubs
LOAD C:/Toolchain/arm-gnu-toolchain-14.2.rel1-mingw-w64-x86_64-arm-none-eabi/bin/../lib/gcc/arm-none-eabi/14.2.1/thumb/v7e-m+fp/hard\libc.a
LOAD C:/Toolchain/arm-gnu-toolchain-14.2.rel1-mingw-w64-x86_64-arm-none-eabi/bin/../lib/gcc/arm-none-eabi/14.2.1/thumb/v7e-m+fp/hard\libm.a
LOAD C:/Toolchain/arm-gnu-toolchain-14.2.rel1-mingw-w64-x86_64-arm-none-eabi/bin/../lib/gcc/arm-none-eabi/14.2.1/thumb/v7e-m+fp/hard\libgcc.a

.ARM.attributes
                0x00000000       0x30
 .ARM.attributes
                0x00000000       0x22 C:/Toolchain/arm-gnu-toolchain-14.2.rel1-mingw-w64-x86_64-arm-none-eabi/bin/../lib/gcc/arm-none-eabi/14.2.1/thumb/v7e-m+fp/hard/crti.o
 .ARM.attributes
                0x00000022       0x34 C:/Toolchain/arm-gnu-toolchain-14.2.rel1-mingw-w64-x86_64-arm-none-eabi/bin/../lib/gcc/arm-none-eabi/14.2.1/thumb/v7e-m+fp/hard/crtbegin.o
 .ARM.attributes
                0x00000056       0x34 C:/Toolchain/arm-gnu-toolchain-14.2.rel1-mingw-w64-x86_64-arm-none-eabi/bin/../lib/gcc/arm-none-eabi/14.2.1/thumb/v7e-m+fp/hard\libc_nano.a(libc_a-memset.o)
 .ARM.attributes
                0x0000008a       0x34 C:/Toolchain/arm-gnu-toolchain-14.2.rel1-mingw-w64-x86_64-arm-none-eabi/bin/../lib/gcc/arm-none-eabi/14.2.1/thumb/v7e-m+fp/hard\libc_nano.a(libc_a-init.o)
 .ARM.attributes
                0x000000be       0x34 cmake/stm32cubemx/CMakeFiles/STM32_Drivers.dir/__/__/Core/Src/system_stm32f4xx.c.obj
 .ARM.attributes
                0x000000f2       0x34 cmake/stm32cubemx/CMakeFiles/STM32_Drivers.dir/__/__/Drivers/STM32F4xx_HAL_Driver/Src/stm32f4xx_hal_spi.c.obj
 .ARM.attributes
                0x00000126       0x34 cmake/stm32cubemx/CMakeFiles/STM32_Drivers.dir/__/__/Drivers/STM32F4xx_HAL_Driver/Src/stm32f4xx_hal_rcc.c.obj
 .ARM.attributes
                0x0000015a       0x34 cmake/stm32cubemx/CMakeFiles/STM32_Drivers.dir/__/__/Drivers/STM32F4xx_HAL_Driver/Src/stm32f4xx_hal_gpio.c.obj
 .ARM.attributes
                0x0000018e       0x34 cmake/stm32cubemx/CMakeFiles/STM32_Drivers.dir/__/__/Drivers/STM32F4xx_HAL_Driver/Src/stm32f4xx_hal_dma.c.obj
 .ARM.attributes
                0x000001c2       0x34 cmake/stm32cubemx/CMakeFiles/STM32_Drivers.dir/__/__/Drivers/STM32F4xx_HAL_Driver/Src/stm32f4xx_hal_cortex.c.obj
 .ARM.attributes
                0x000001f6       0x34 cmake/stm32cubemx/CMakeFiles/STM32_Drivers.dir/__/__/Drivers/STM32F4xx_HAL_Driver/Src/stm32f4xx_hal.c.obj
 .ARM.attributes
                0x0000022a       0x34 CMakeFiles/f4_st7789.dir/Core/Src/main.c.obj
 .ARM.attributes
                0x0000025e       0x34 CMakeFiles/f4_st7789.dir/Core/Src/gpio.c.obj
 .ARM.attributes
                0x00000292       0x34 CMakeFiles/f4_st7789.dir/Core/Src/dma.c.obj
 .ARM.attributes
                0x000002c6       0x34 CMakeFiles/f4_st7789.dir/Core/Src/spi.c.obj
 .ARM.attributes
                0x000002fa       0x34 CMakeFiles/f4_st7789.dir/Core/Src/stm32f4xx_it.c.obj
 .ARM.attributes
                0x0000032e       0x34 CMakeFiles/f4_st7789.dir/Core/Src/stm32f4xx_hal_msp.c.obj
 .ARM.attributes
                0x00000362       0x21 CMakeFiles/f4_st7789.dir/startup_stm32f407xx.s.obj
 .ARM.attributes
                0x00000383       0x34 CMakeFiles/f4_st7789.dir/ST7789/st7789.c.obj
 .ARM.attributes
                0x000003b7       0x34 CMakeFiles/f4_st7789.dir/ST7789/fonts.c.obj
 .ARM.attributes
                0x000003eb       0x22 C:/Toolchain/arm-gnu-toolchain-14.2.rel1-mingw-w64-x86_64-arm-none-eabi/bin/../lib/gcc/arm-none-eabi/14.2.1/thumb/v7e-m+fp/hard\libgcc.a(_aeabi_uldivmod.o)
 .ARM.attributes
                0x0000040d       0x34 C:/Toolchain/arm-gnu-toolchain-14.2.rel1-mingw-w64-x86_64-arm-none-eabi/bin/../lib/gcc/arm-none-eabi/14.2.1/thumb/v7e-m+fp/hard\libgcc.a(_udivmoddi4.o)
 .ARM.attributes
                0x00000441       0x22 C:/Toolchain/arm-gnu-toolchain-14.2.rel1-mingw-w64-x86_64-arm-none-eabi/bin/../lib/gcc/arm-none-eabi/14.2.1/thumb/v7e-m+fp/hard\libgcc.a(_dvmd_tls.o)
 .ARM.attributes
                0x00000463       0x34 C:/Toolchain/arm-gnu-toolchain-14.2.rel1-mingw-w64-x86_64-arm-none-eabi/bin/../lib/gcc/arm-none-eabi/14.2.1/thumb/v7e-m+fp/hard/crtend.o
 .ARM.attributes
                0x00000497       0x22 C:/Toolchain/arm-gnu-toolchain-14.2.rel1-mingw-w64-x86_64-arm-none-eabi/bin/../lib/gcc/arm-none-eabi/14.2.1/thumb/v7e-m+fp/hard/crtn.o

.comment        0x00000000       0x45
 .comment       0x00000000       0x45 cmake/stm32cubemx/CMakeFiles/STM32_Drivers.dir/__/__/Core/Src/system_stm32f4xx.c.obj
                                 0x46 (size before relaxing)
 .comment       0x00000045       0x46 cmake/stm32cubemx/CMakeFiles/STM32_Drivers.dir/__/__/Drivers/STM32F4xx_HAL_Driver/Src/stm32f4xx_hal_spi.c.obj
 .comment       0x00000045       0x46 cmake/stm32cubemx/CMakeFiles/STM32_Drivers.dir/__/__/Drivers/STM32F4xx_HAL_Driver/Src/stm32f4xx_hal_rcc.c.obj
 .comment       0x00000045       0x46 cmake/stm32cubemx/CMakeFiles/STM32_Drivers.dir/__/__/Drivers/STM32F4xx_HAL_Driver/Src/stm32f4xx_hal_gpio.c.obj
 .comment       0x00000045       0x46 cmake/stm32cubemx/CMakeFiles/STM32_Drivers.dir/__/__/Drivers/STM32F4xx_HAL_Driver/Src/stm32f4xx_hal_dma.c.obj
 .comment       0x00000045       0x46 cmake/stm32cubemx/CMakeFiles/STM32_Drivers.dir/__/__/Drivers/STM32F4xx_HAL_Driver/Src/stm32f4xx_hal_cortex.c.obj
 .comment       0x00000045       0x46 cmake/stm32cubemx/CMakeFiles/STM32_Drivers.dir/__/__/Drivers/STM32F4xx_HAL_Driver/Src/stm32f4xx_hal.c.obj
 .comment       0x00000045       0x46 CMakeFiles/f4_st7789.dir/Core/Src/main.c.obj
 .comment       0x00000045       0x46 CMakeFiles/f4_st7789.dir/Core/Src/gpio.c.obj
 .comment       0x00000045       0x46 CMakeFiles/f4_st7789.dir/Core/Src/dma.c.obj
 .comment       0x00000045       0x46 CMakeFiles/f4_st7789.dir/Core/Src/spi.c.obj
 .comment       0x00000045       0x46 CMakeFiles/f4_st7789.dir/Core/Src/stm32f4xx_it.c.obj
 .comment       0x00000045       0x46 CMakeFiles/f4_st7789.dir/Core/Src/stm32f4xx_hal_msp.c.obj
 .comment       0x00000045       0x46 CMakeFiles/f4_st7789.dir/ST7789/st7789.c.obj
 .comment       0x00000045       0x46 CMakeFiles/f4_st7789.dir/ST7789/fonts.c.obj

.debug_frame    0x00000000     0x1d68
 .debug_frame   0x00000000       0x20 C:/Toolchain/arm-gnu-toolchain-14.2.rel1-mingw-w64-x86_64-arm-none-eabi/bin/../lib/gcc/arm-none-eabi/14.2.1/thumb/v7e-m+fp/hard\libc_nano.a(libc_a-memset.o)
 .debug_frame   0x00000020       0x2c C:/Toolchain/arm-gnu-toolchain-14.2.rel1-mingw-w64-x86_64-arm-none-eabi/bin/../lib/gcc/arm-none-eabi/14.2.1/thumb/v7e-m+fp/hard\libc_nano.a(libc_a-init.o)
 .debug_frame   0x0000004c       0x58 cmake/stm32cubemx/CMakeFiles/STM32_Drivers.dir/__/__/Core/Src/system_stm32f4xx.c.obj
 .debug_frame   0x000000a4      0x828 cmake/stm32cubemx/CMakeFiles/STM32_Drivers.dir/__/__/Drivers/STM32F4xx_HAL_Driver/Src/stm32f4xx_hal_spi.c.obj
 .debug_frame   0x000008cc      0x1f4 cmake/stm32cubemx/CMakeFiles/STM32_Drivers.dir/__/__/Drivers/STM32F4xx_HAL_Driver/Src/stm32f4xx_hal_rcc.c.obj
 .debug_frame   0x00000ac0      0x14c cmake/stm32cubemx/CMakeFiles/STM32_Drivers.dir/__/__/Drivers/STM32F4xx_HAL_Driver/Src/stm32f4xx_hal_gpio.c.obj
 .debug_frame   0x00000c0c      0x250 cmake/stm32cubemx/CMakeFiles/STM32_Drivers.dir/__/__/Drivers/STM32F4xx_HAL_Driver/Src/stm32f4xx_hal_dma.c.obj
 .debug_frame   0x00000e5c      0x508 cmake/stm32cubemx/CMakeFiles/STM32_Drivers.dir/__/__/Drivers/STM32F4xx_HAL_Driver/Src/stm32f4xx_hal_cortex.c.obj
 .debug_frame   0x00001364      0x374 cmake/stm32cubemx/CMakeFiles/STM32_Drivers.dir/__/__/Drivers/STM32F4xx_HAL_Driver/Src/stm32f4xx_hal.c.obj
 .debug_frame   0x000016d8       0x68 CMakeFiles/f4_st7789.dir/Core/Src/main.c.obj
 .debug_frame   0x00001740       0x34 CMakeFiles/f4_st7789.dir/Core/Src/gpio.c.obj
 .debug_frame   0x00001774       0x34 CMakeFiles/f4_st7789.dir/Core/Src/dma.c.obj
 .debug_frame   0x000017a8       0x74 CMakeFiles/f4_st7789.dir/Core/Src/spi.c.obj
 .debug_frame   0x0000181c      0x120 CMakeFiles/f4_st7789.dir/Core/Src/stm32f4xx_it.c.obj
 .debug_frame   0x0000193c       0x38 CMakeFiles/f4_st7789.dir/Core/Src/stm32f4xx_hal_msp.c.obj
 .debug_frame   0x00001974      0x394 CMakeFiles/f4_st7789.dir/ST7789/st7789.c.obj
 .debug_frame   0x00001d08       0x2c C:/Toolchain/arm-gnu-toolchain-14.2.rel1-mingw-w64-x86_64-arm-none-eabi/bin/../lib/gcc/arm-none-eabi/14.2.1/thumb/v7e-m+fp/hard\libgcc.a(_aeabi_uldivmod.o)
 .debug_frame   0x00001d34       0x34 C:/Toolchain/arm-gnu-toolchain-14.2.rel1-mingw-w64-x86_64-arm-none-eabi/bin/../lib/gcc/arm-none-eabi/14.2.1/thumb/v7e-m+fp/hard\libgcc.a(_udivmoddi4.o)

.debug_info     0x00000000     0x7b35
 .debug_info    0x00000000      0x512 cmake/stm32cubemx/CMakeFiles/STM32_Drivers.dir/__/__/Core/Src/system_stm32f4xx.c.obj
 .debug_info    0x00000512     0x1525 cmake/stm32cubemx/CMakeFiles/STM32_Drivers.dir/__/__/Drivers/STM32F4xx_HAL_Driver/Src/stm32f4xx_hal_spi.c.obj
 .debug_info    0x00001a37      0x8c3 cmake/stm32cubemx/CMakeFiles/STM32_Drivers.dir/__/__/Drivers/STM32F4xx_HAL_Driver/Src/stm32f4xx_hal_rcc.c.obj
 .debug_info    0x000022fa      0x6c3 cmake/stm32cubemx/CMakeFiles/STM32_Drivers.dir/__/__/Drivers/STM32F4xx_HAL_Driver/Src/stm32f4xx_hal_gpio.c.obj
 .debug_info    0x000029bd      0x8e7 cmake/stm32cubemx/CMakeFiles/STM32_Drivers.dir/__/__/Drivers/STM32F4xx_HAL_Driver/Src/stm32f4xx_hal_dma.c.obj
 .debug_info    0x000032a4      0xd8c cmake/stm32cubemx/CMakeFiles/STM32_Drivers.dir/__/__/Drivers/STM32F4xx_HAL_Driver/Src/stm32f4xx_hal_cortex.c.obj
 .debug_info    0x00004030      0x944 cmake/stm32cubemx/CMakeFiles/STM32_Drivers.dir/__/__/Drivers/STM32F4xx_HAL_Driver/Src/stm32f4xx_hal.c.obj
 .debug_info    0x00004974      0x5aa CMakeFiles/f4_st7789.dir/Core/Src/main.c.obj
 .debug_info    0x00004f1e      0x3ed CMakeFiles/f4_st7789.dir/Core/Src/gpio.c.obj
 .debug_info    0x0000530b      0x4ad CMakeFiles/f4_st7789.dir/Core/Src/dma.c.obj
 .debug_info    0x000057b8      0x98a CMakeFiles/f4_st7789.dir/Core/Src/spi.c.obj
 .debug_info    0x00006142      0x3a9 CMakeFiles/f4_st7789.dir/Core/Src/stm32f4xx_it.c.obj
 .debug_info    0x000064eb      0x269 CMakeFiles/f4_st7789.dir/Core/Src/stm32f4xx_hal_msp.c.obj
 .debug_info    0x00006754       0x30 CMakeFiles/f4_st7789.dir/startup_stm32f407xx.s.obj
 .debug_info    0x00006784     0x11c8 CMakeFiles/f4_st7789.dir/ST7789/st7789.c.obj
 .debug_info    0x0000794c      0x1e9 CMakeFiles/f4_st7789.dir/ST7789/fonts.c.obj

.debug_abbrev   0x00000000     0x1c2d
 .debug_abbrev  0x00000000      0x11a cmake/stm32cubemx/CMakeFiles/STM32_Drivers.dir/__/__/Core/Src/system_stm32f4xx.c.obj
 .debug_abbrev  0x0000011a      0x27a cmake/stm32cubemx/CMakeFiles/STM32_Drivers.dir/__/__/Drivers/STM32F4xx_HAL_Driver/Src/stm32f4xx_hal_spi.c.obj
 .debug_abbrev  0x00000394      0x2b7 cmake/stm32cubemx/CMakeFiles/STM32_Drivers.dir/__/__/Drivers/STM32F4xx_HAL_Driver/Src/stm32f4xx_hal_rcc.c.obj
 .debug_abbrev  0x0000064b      0x1d4 cmake/stm32cubemx/CMakeFiles/STM32_Drivers.dir/__/__/Drivers/STM32F4xx_HAL_Driver/Src/stm32f4xx_hal_gpio.c.obj
 .debug_abbrev  0x0000081f      0x264 cmake/stm32cubemx/CMakeFiles/STM32_Drivers.dir/__/__/Drivers/STM32F4xx_HAL_Driver/Src/stm32f4xx_hal_dma.c.obj
 .debug_abbrev  0x00000a83      0x31d cmake/stm32cubemx/CMakeFiles/STM32_Drivers.dir/__/__/Drivers/STM32F4xx_HAL_Driver/Src/stm32f4xx_hal_cortex.c.obj
 .debug_abbrev  0x00000da0      0x214 cmake/stm32cubemx/CMakeFiles/STM32_Drivers.dir/__/__/Drivers/STM32F4xx_HAL_Driver/Src/stm32f4xx_hal.c.obj
 .debug_abbrev  0x00000fb4      0x208 CMakeFiles/f4_st7789.dir/Core/Src/main.c.obj
 .debug_abbrev  0x000011bc      0x152 CMakeFiles/f4_st7789.dir/Core/Src/gpio.c.obj
 .debug_abbrev  0x0000130e      0x10e CMakeFiles/f4_st7789.dir/Core/Src/dma.c.obj
 .debug_abbrev  0x0000141c      0x20e CMakeFiles/f4_st7789.dir/Core/Src/spi.c.obj
 .debug_abbrev  0x0000162a      0x169 CMakeFiles/f4_st7789.dir/Core/Src/stm32f4xx_it.c.obj
 .debug_abbrev  0x00001793       0xd8 CMakeFiles/f4_st7789.dir/Core/Src/stm32f4xx_hal_msp.c.obj
 .debug_abbrev  0x0000186b       0x24 CMakeFiles/f4_st7789.dir/startup_stm32f407xx.s.obj
 .debug_abbrev  0x0000188f      0x2cb CMakeFiles/f4_st7789.dir/ST7789/st7789.c.obj
 .debug_abbrev  0x00001b5a       0xd3 CMakeFiles/f4_st7789.dir/ST7789/fonts.c.obj

.debug_aranges  0x00000000      0x7c0
 .debug_aranges
                0x00000000       0x28 cmake/stm32cubemx/CMakeFiles/STM32_Drivers.dir/__/__/Core/Src/system_stm32f4xx.c.obj
 .debug_aranges
                0x00000028      0x1d0 cmake/stm32cubemx/CMakeFiles/STM32_Drivers.dir/__/__/Drivers/STM32F4xx_HAL_Driver/Src/stm32f4xx_hal_spi.c.obj
 .debug_aranges
                0x000001f8       0x88 cmake/stm32cubemx/CMakeFiles/STM32_Drivers.dir/__/__/Drivers/STM32F4xx_HAL_Driver/Src/stm32f4xx_hal_rcc.c.obj
 .debug_aranges
                0x00000280       0x58 cmake/stm32cubemx/CMakeFiles/STM32_Drivers.dir/__/__/Drivers/STM32F4xx_HAL_Driver/Src/stm32f4xx_hal_gpio.c.obj
 .debug_aranges
                0x000002d8       0x90 cmake/stm32cubemx/CMakeFiles/STM32_Drivers.dir/__/__/Drivers/STM32F4xx_HAL_Driver/Src/stm32f4xx_hal_dma.c.obj
 .debug_aranges
                0x00000368      0x130 cmake/stm32cubemx/CMakeFiles/STM32_Drivers.dir/__/__/Drivers/STM32F4xx_HAL_Driver/Src/stm32f4xx_hal_cortex.c.obj
 .debug_aranges
                0x00000498       0xf0 cmake/stm32cubemx/CMakeFiles/STM32_Drivers.dir/__/__/Drivers/STM32F4xx_HAL_Driver/Src/stm32f4xx_hal.c.obj
 .debug_aranges
                0x00000588       0x30 CMakeFiles/f4_st7789.dir/Core/Src/main.c.obj
 .debug_aranges
                0x000005b8       0x20 CMakeFiles/f4_st7789.dir/Core/Src/gpio.c.obj
 .debug_aranges
                0x000005d8       0x20 CMakeFiles/f4_st7789.dir/Core/Src/dma.c.obj
 .debug_aranges
                0x000005f8       0x30 CMakeFiles/f4_st7789.dir/Core/Src/spi.c.obj
 .debug_aranges
                0x00000628       0x68 CMakeFiles/f4_st7789.dir/Core/Src/stm32f4xx_it.c.obj
 .debug_aranges
                0x00000690       0x20 CMakeFiles/f4_st7789.dir/Core/Src/stm32f4xx_hal_msp.c.obj
 .debug_aranges
                0x000006b0       0x28 CMakeFiles/f4_st7789.dir/startup_stm32f407xx.s.obj
 .debug_aranges
                0x000006d8       0xd0 CMakeFiles/f4_st7789.dir/ST7789/st7789.c.obj
 .debug_aranges
                0x000007a8       0x18 CMakeFiles/f4_st7789.dir/ST7789/fonts.c.obj

.debug_rnglists
                0x00000000      0x5af
 .debug_rnglists
                0x00000000       0x1a cmake/stm32cubemx/CMakeFiles/STM32_Drivers.dir/__/__/Core/Src/system_stm32f4xx.c.obj
 .debug_rnglists
                0x0000001a      0x16f cmake/stm32cubemx/CMakeFiles/STM32_Drivers.dir/__/__/Drivers/STM32F4xx_HAL_Driver/Src/stm32f4xx_hal_spi.c.obj
 .debug_rnglists
                0x00000189       0x66 cmake/stm32cubemx/CMakeFiles/STM32_Drivers.dir/__/__/Drivers/STM32F4xx_HAL_Driver/Src/stm32f4xx_hal_rcc.c.obj
 .debug_rnglists
                0x000001ef       0x3f cmake/stm32cubemx/CMakeFiles/STM32_Drivers.dir/__/__/Drivers/STM32F4xx_HAL_Driver/Src/stm32f4xx_hal_gpio.c.obj
 .debug_rnglists
                0x0000022e       0x70 cmake/stm32cubemx/CMakeFiles/STM32_Drivers.dir/__/__/Drivers/STM32F4xx_HAL_Driver/Src/stm32f4xx_hal_dma.c.obj
 .debug_rnglists
                0x0000029e       0xe0 cmake/stm32cubemx/CMakeFiles/STM32_Drivers.dir/__/__/Drivers/STM32F4xx_HAL_Driver/Src/stm32f4xx_hal_cortex.c.obj
 .debug_rnglists
                0x0000037e       0xaf cmake/stm32cubemx/CMakeFiles/STM32_Drivers.dir/__/__/Drivers/STM32F4xx_HAL_Driver/Src/stm32f4xx_hal.c.obj
 .debug_rnglists
                0x0000042d       0x20 CMakeFiles/f4_st7789.dir/Core/Src/main.c.obj
 .debug_rnglists
                0x0000044d       0x14 CMakeFiles/f4_st7789.dir/Core/Src/gpio.c.obj
 .debug_rnglists
                0x00000461       0x13 CMakeFiles/f4_st7789.dir/Core/Src/dma.c.obj
 .debug_rnglists
                0x00000474       0x20 CMakeFiles/f4_st7789.dir/Core/Src/spi.c.obj
 .debug_rnglists
                0x00000494       0x49 CMakeFiles/f4_st7789.dir/Core/Src/stm32f4xx_it.c.obj
 .debug_rnglists
                0x000004dd       0x13 CMakeFiles/f4_st7789.dir/Core/Src/stm32f4xx_hal_msp.c.obj
 .debug_rnglists
                0x000004f0       0x19 CMakeFiles/f4_st7789.dir/startup_stm32f407xx.s.obj
 .debug_rnglists
                0x00000509       0xa6 CMakeFiles/f4_st7789.dir/ST7789/st7789.c.obj

.debug_macro    0x00000000    0x1ff84
 .debug_macro   0x00000000      0x1ba cmake/stm32cubemx/CMakeFiles/STM32_Drivers.dir/__/__/Core/Src/system_stm32f4xx.c.obj
 .debug_macro   0x000001ba      0xad8 cmake/stm32cubemx/CMakeFiles/STM32_Drivers.dir/__/__/Core/Src/system_stm32f4xx.c.obj
 .debug_macro   0x00000c92       0x2e cmake/stm32cubemx/CMakeFiles/STM32_Drivers.dir/__/__/Core/Src/system_stm32f4xx.c.obj
 .debug_macro   0x00000cc0       0x2f cmake/stm32cubemx/CMakeFiles/STM32_Drivers.dir/__/__/Core/Src/system_stm32f4xx.c.obj
 .debug_macro   0x00000cef       0x22 cmake/stm32cubemx/CMakeFiles/STM32_Drivers.dir/__/__/Core/Src/system_stm32f4xx.c.obj
 .debug_macro   0x00000d11       0x8e cmake/stm32cubemx/CMakeFiles/STM32_Drivers.dir/__/__/Core/Src/system_stm32f4xx.c.obj
 .debug_macro   0x00000d9f       0x51 cmake/stm32cubemx/CMakeFiles/STM32_Drivers.dir/__/__/Core/Src/system_stm32f4xx.c.obj
 .debug_macro   0x00000df0      0x103 cmake/stm32cubemx/CMakeFiles/STM32_Drivers.dir/__/__/Core/Src/system_stm32f4xx.c.obj
 .debug_macro   0x00000ef3       0x6a cmake/stm32cubemx/CMakeFiles/STM32_Drivers.dir/__/__/Core/Src/system_stm32f4xx.c.obj
 .debug_macro   0x00000f5d      0x1df cmake/stm32cubemx/CMakeFiles/STM32_Drivers.dir/__/__/Core/Src/system_stm32f4xx.c.obj
 .debug_macro   0x0000113c       0x1c cmake/stm32cubemx/CMakeFiles/STM32_Drivers.dir/__/__/Core/Src/system_stm32f4xx.c.obj
 .debug_macro   0x00001158       0x22 cmake/stm32cubemx/CMakeFiles/STM32_Drivers.dir/__/__/Core/Src/system_stm32f4xx.c.obj
 .debug_macro   0x0000117a       0xfb cmake/stm32cubemx/CMakeFiles/STM32_Drivers.dir/__/__/Core/Src/system_stm32f4xx.c.obj
 .debug_macro   0x00001275     0x1011 cmake/stm32cubemx/CMakeFiles/STM32_Drivers.dir/__/__/Core/Src/system_stm32f4xx.c.obj
 .debug_macro   0x00002286      0x11f cmake/stm32cubemx/CMakeFiles/STM32_Drivers.dir/__/__/Core/Src/system_stm32f4xx.c.obj
 .debug_macro   0x000023a5    0x15ea5 cmake/stm32cubemx/CMakeFiles/STM32_Drivers.dir/__/__/Core/Src/system_stm32f4xx.c.obj
 .debug_macro   0x0001824a       0x6d cmake/stm32cubemx/CMakeFiles/STM32_Drivers.dir/__/__/Core/Src/system_stm32f4xx.c.obj
 .debug_macro   0x000182b7      0x295 cmake/stm32cubemx/CMakeFiles/STM32_Drivers.dir/__/__/Core/Src/system_stm32f4xx.c.obj
 .debug_macro   0x0001854c     0x3693 cmake/stm32cubemx/CMakeFiles/STM32_Drivers.dir/__/__/Core/Src/system_stm32f4xx.c.obj
 .debug_macro   0x0001bbdf      0x190 cmake/stm32cubemx/CMakeFiles/STM32_Drivers.dir/__/__/Core/Src/system_stm32f4xx.c.obj
 .debug_macro   0x0001bd6f       0x5c cmake/stm32cubemx/CMakeFiles/STM32_Drivers.dir/__/__/Core/Src/system_stm32f4xx.c.obj
 .debug_macro   0x0001bdcb      0x980 cmake/stm32cubemx/CMakeFiles/STM32_Drivers.dir/__/__/Core/Src/system_stm32f4xx.c.obj
 .debug_macro   0x0001c74b      0x9e9 cmake/stm32cubemx/CMakeFiles/STM32_Drivers.dir/__/__/Core/Src/system_stm32f4xx.c.obj
 .debug_macro   0x0001d134      0x115 cmake/stm32cubemx/CMakeFiles/STM32_Drivers.dir/__/__/Core/Src/system_stm32f4xx.c.obj
 .debug_macro   0x0001d249      0x13e cmake/stm32cubemx/CMakeFiles/STM32_Drivers.dir/__/__/Core/Src/system_stm32f4xx.c.obj
 .debug_macro   0x0001d387       0xa5 cmake/stm32cubemx/CMakeFiles/STM32_Drivers.dir/__/__/Core/Src/system_stm32f4xx.c.obj
 .debug_macro   0x0001d42c      0x174 cmake/stm32cubemx/CMakeFiles/STM32_Drivers.dir/__/__/Core/Src/system_stm32f4xx.c.obj
 .debug_macro   0x0001d5a0      0x287 cmake/stm32cubemx/CMakeFiles/STM32_Drivers.dir/__/__/Core/Src/system_stm32f4xx.c.obj
 .debug_macro   0x0001d827       0x5f cmake/stm32cubemx/CMakeFiles/STM32_Drivers.dir/__/__/Core/Src/system_stm32f4xx.c.obj
 .debug_macro   0x0001d886      0x236 cmake/stm32cubemx/CMakeFiles/STM32_Drivers.dir/__/__/Core/Src/system_stm32f4xx.c.obj
 .debug_macro   0x0001dabc      0x12c cmake/stm32cubemx/CMakeFiles/STM32_Drivers.dir/__/__/Core/Src/system_stm32f4xx.c.obj
 .debug_macro   0x0001dbe8      0x21e cmake/stm32cubemx/CMakeFiles/STM32_Drivers.dir/__/__/Core/Src/system_stm32f4xx.c.obj
 .debug_macro   0x0001de06       0x2e cmake/stm32cubemx/CMakeFiles/STM32_Drivers.dir/__/__/Core/Src/system_stm32f4xx.c.obj
 .debug_macro   0x0001de34      0x127 cmake/stm32cubemx/CMakeFiles/STM32_Drivers.dir/__/__/Core/Src/system_stm32f4xx.c.obj
 .debug_macro   0x0001df5b       0x7e cmake/stm32cubemx/CMakeFiles/STM32_Drivers.dir/__/__/Core/Src/system_stm32f4xx.c.obj
 .debug_macro   0x0001dfd9       0x89 cmake/stm32cubemx/CMakeFiles/STM32_Drivers.dir/__/__/Core/Src/system_stm32f4xx.c.obj
 .debug_macro   0x0001e062      0x225 cmake/stm32cubemx/CMakeFiles/STM32_Drivers.dir/__/__/Core/Src/system_stm32f4xx.c.obj
 .debug_macro   0x0001e287      0x12d cmake/stm32cubemx/CMakeFiles/STM32_Drivers.dir/__/__/Core/Src/system_stm32f4xx.c.obj
 .debug_macro   0x0001e3b4      0x1c9 cmake/stm32cubemx/CMakeFiles/STM32_Drivers.dir/__/__/Drivers/STM32F4xx_HAL_Driver/Src/stm32f4xx_hal_spi.c.obj
 .debug_macro   0x0001e57d      0x1de cmake/stm32cubemx/CMakeFiles/STM32_Drivers.dir/__/__/Drivers/STM32F4xx_HAL_Driver/Src/stm32f4xx_hal_rcc.c.obj
 .debug_macro   0x0001e75b      0x1c0 cmake/stm32cubemx/CMakeFiles/STM32_Drivers.dir/__/__/Drivers/STM32F4xx_HAL_Driver/Src/stm32f4xx_hal_gpio.c.obj
 .debug_macro   0x0001e91b      0x1c0 cmake/stm32cubemx/CMakeFiles/STM32_Drivers.dir/__/__/Drivers/STM32F4xx_HAL_Driver/Src/stm32f4xx_hal_dma.c.obj
 .debug_macro   0x0001eadb      0x1ba cmake/stm32cubemx/CMakeFiles/STM32_Drivers.dir/__/__/Drivers/STM32F4xx_HAL_Driver/Src/stm32f4xx_hal_cortex.c.obj
 .debug_macro   0x0001ec95      0x21a cmake/stm32cubemx/CMakeFiles/STM32_Drivers.dir/__/__/Drivers/STM32F4xx_HAL_Driver/Src/stm32f4xx_hal.c.obj
 .debug_macro   0x0001eeaf      0x204 CMakeFiles/f4_st7789.dir/Core/Src/main.c.obj
 .debug_macro   0x0001f0b3       0x34 CMakeFiles/f4_st7789.dir/Core/Src/main.c.obj
 .debug_macro   0x0001f0e7      0x1ee CMakeFiles/f4_st7789.dir/Core/Src/main.c.obj
 .debug_macro   0x0001f2d5      0x1d3 CMakeFiles/f4_st7789.dir/Core/Src/gpio.c.obj
 .debug_macro   0x0001f4a8      0x1d3 CMakeFiles/f4_st7789.dir/Core/Src/dma.c.obj
 .debug_macro   0x0001f67b      0x1d3 CMakeFiles/f4_st7789.dir/Core/Src/spi.c.obj
 .debug_macro   0x0001f84e      0x1d3 CMakeFiles/f4_st7789.dir/Core/Src/stm32f4xx_it.c.obj
 .debug_macro   0x0001fa21      0x1c9 CMakeFiles/f4_st7789.dir/Core/Src/stm32f4xx_hal_msp.c.obj
 .debug_macro   0x0001fbea      0x2a2 CMakeFiles/f4_st7789.dir/ST7789/st7789.c.obj
 .debug_macro   0x0001fe8c       0x7b CMakeFiles/f4_st7789.dir/ST7789/st7789.c.obj
 .debug_macro   0x0001ff07       0x10 CMakeFiles/f4_st7789.dir/ST7789/st7789.c.obj
 .debug_macro   0x0001ff17       0x6d CMakeFiles/f4_st7789.dir/ST7789/fonts.c.obj

.debug_line     0x00000000     0x9340
 .debug_line    0x00000000      0x67b cmake/stm32cubemx/CMakeFiles/STM32_Drivers.dir/__/__/Core/Src/system_stm32f4xx.c.obj
 .debug_line    0x0000067b     0x1b92 cmake/stm32cubemx/CMakeFiles/STM32_Drivers.dir/__/__/Drivers/STM32F4xx_HAL_Driver/Src/stm32f4xx_hal_spi.c.obj
 .debug_line    0x0000220d      0xd06 cmake/stm32cubemx/CMakeFiles/STM32_Drivers.dir/__/__/Drivers/STM32F4xx_HAL_Driver/Src/stm32f4xx_hal_rcc.c.obj
 .debug_line    0x00002f13      0xa4f cmake/stm32cubemx/CMakeFiles/STM32_Drivers.dir/__/__/Drivers/STM32F4xx_HAL_Driver/Src/stm32f4xx_hal_gpio.c.obj
 .debug_line    0x00003962      0xe63 cmake/stm32cubemx/CMakeFiles/STM32_Drivers.dir/__/__/Drivers/STM32F4xx_HAL_Driver/Src/stm32f4xx_hal_dma.c.obj
 .debug_line    0x000047c5      0xbc7 cmake/stm32cubemx/CMakeFiles/STM32_Drivers.dir/__/__/Drivers/STM32F4xx_HAL_Driver/Src/stm32f4xx_hal_cortex.c.obj
 .debug_line    0x0000538c      0x8f7 cmake/stm32cubemx/CMakeFiles/STM32_Drivers.dir/__/__/Drivers/STM32F4xx_HAL_Driver/Src/stm32f4xx_hal.c.obj
 .debug_line    0x00005c83      0x6df CMakeFiles/f4_st7789.dir/Core/Src/main.c.obj
 .debug_line    0x00006362      0x630 CMakeFiles/f4_st7789.dir/Core/Src/gpio.c.obj
 .debug_line    0x00006992      0x601 CMakeFiles/f4_st7789.dir/Core/Src/dma.c.obj
 .debug_line    0x00006f93      0x6af CMakeFiles/f4_st7789.dir/Core/Src/spi.c.obj
 .debug_line    0x00007642      0x6cc CMakeFiles/f4_st7789.dir/Core/Src/stm32f4xx_it.c.obj
 .debug_line    0x00007d0e      0x605 CMakeFiles/f4_st7789.dir/Core/Src/stm32f4xx_hal_msp.c.obj
 .debug_line    0x00008313       0x7a CMakeFiles/f4_st7789.dir/startup_stm32f407xx.s.obj
 .debug_line    0x0000838d      0xd5c CMakeFiles/f4_st7789.dir/ST7789/st7789.c.obj
 .debug_line    0x000090e9      0x257 CMakeFiles/f4_st7789.dir/ST7789/fonts.c.obj

.debug_str      0x00000000    0xc1e7b
 .debug_str     0x00000000    0xc1e7b cmake/stm32cubemx/CMakeFiles/STM32_Drivers.dir/__/__/Core/Src/system_stm32f4xx.c.obj
                              0xbc636 (size before relaxing)
 .debug_str     0x000c1e7b    0xbcef4 cmake/stm32cubemx/CMakeFiles/STM32_Drivers.dir/__/__/Drivers/STM32F4xx_HAL_Driver/Src/stm32f4xx_hal_spi.c.obj
 .debug_str     0x000c1e7b    0xbca6a cmake/stm32cubemx/CMakeFiles/STM32_Drivers.dir/__/__/Drivers/STM32F4xx_HAL_Driver/Src/stm32f4xx_hal_rcc.c.obj
 .debug_str     0x000c1e7b    0xbc7b1 cmake/stm32cubemx/CMakeFiles/STM32_Drivers.dir/__/__/Drivers/STM32F4xx_HAL_Driver/Src/stm32f4xx_hal_gpio.c.obj
 .debug_str     0x000c1e7b    0xbca50 cmake/stm32cubemx/CMakeFiles/STM32_Drivers.dir/__/__/Drivers/STM32F4xx_HAL_Driver/Src/stm32f4xx_hal_dma.c.obj
 .debug_str     0x000c1e7b    0xbcf36 cmake/stm32cubemx/CMakeFiles/STM32_Drivers.dir/__/__/Drivers/STM32F4xx_HAL_Driver/Src/stm32f4xx_hal_cortex.c.obj
 .debug_str     0x000c1e7b    0xbd1ba cmake/stm32cubemx/CMakeFiles/STM32_Drivers.dir/__/__/Drivers/STM32F4xx_HAL_Driver/Src/stm32f4xx_hal.c.obj
 .debug_str     0x000c1e7b    0xbcf7c CMakeFiles/f4_st7789.dir/Core/Src/main.c.obj
 .debug_str     0x000c1e7b    0xbc713 CMakeFiles/f4_st7789.dir/Core/Src/gpio.c.obj
 .debug_str     0x000c1e7b    0xbcb65 CMakeFiles/f4_st7789.dir/Core/Src/dma.c.obj
 .debug_str     0x000c1e7b    0xbcbc8 CMakeFiles/f4_st7789.dir/Core/Src/spi.c.obj
 .debug_str     0x000c1e7b    0xbc866 CMakeFiles/f4_st7789.dir/Core/Src/stm32f4xx_it.c.obj
 .debug_str     0x000c1e7b    0xbc648 CMakeFiles/f4_st7789.dir/Core/Src/stm32f4xx_hal_msp.c.obj
 .debug_str     0x000c1e7b       0x7a CMakeFiles/f4_st7789.dir/startup_stm32f407xx.s.obj
 .debug_str     0x000c1e7b    0xbff85 CMakeFiles/f4_st7789.dir/ST7789/st7789.c.obj
 .debug_str     0x000c1e7b     0x3dfc CMakeFiles/f4_st7789.dir/ST7789/fonts.c.obj

.debug_line_str
                0x00000000      0x137
 .debug_line_str
                0x00000000      0x137 CMakeFiles/f4_st7789.dir/startup_stm32f407xx.s.obj
                                 0x5e (size before relaxing)
 .debug_line_str
                0x00000137       0xcd C:/Toolchain/arm-gnu-toolchain-14.2.rel1-mingw-w64-x86_64-arm-none-eabi/bin/../lib/gcc/arm-none-eabi/14.2.1/thumb/v7e-m+fp/hard\libgcc.a(_aeabi_uldivmod.o)
 .debug_line_str
                0x00000137       0xd1 C:/Toolchain/arm-gnu-toolchain-14.2.rel1-mingw-w64-x86_64-arm-none-eabi/bin/../lib/gcc/arm-none-eabi/14.2.1/thumb/v7e-m+fp/hard\libgcc.a(_dvmd_tls.o)
